// Jest Snapshot v1, https://goo.gl/fbAQLP

exports[`InterestSection should render correctly 1`] = `
<DocumentFragment>
  <div
    class="MuiGrid-root MuiGrid-container MuiGrid-direction-xs-row css-w50q5u-MuiGrid-root"
  >
    <div
      class="MuiGrid-root MuiGrid-direction-xs-row css-17fpwt7-MuiGrid-root"
    >
      <div
        class="MuiBox-root css-1hu5f36"
      >
        <div
          class="MuiStack-root css-171q33r-MuiStack-root"
        >
          <a
            aria-label="Software Development"
            href="https://github.com/Jh123x"
            rel="noreferrer"
            style="text-decoration: none;"
            target="_blank"
          >
            <img
              alt="Software Development"
              data-nimg="1"
              decoding="async"
              height="100"
              loading="lazy"
              src="/_next/image?url=%2Fimg.jpg&w=256&q=75"
              srcset="/_next/image?url=%2Fimg.jpg&w=128&q=75 1x, /_next/image?url=%2Fimg.jpg&w=256&q=75 2x"
              style="color: transparent;"
              width="100"
            />
            <h6
              class="MuiTypography-root MuiTypography-h6 css-14fccv3-MuiTypography-root"
            >
              Software Development
            </h6>
            <div
              class="MuiBox-root css-1nmxpgi"
            />
          </a>
        </div>
      </div>
    </div>
    <div
      class="MuiGrid-root MuiGrid-direction-xs-row css-17fpwt7-MuiGrid-root"
    >
      <div
        class="MuiBox-root css-1hu5f36"
      >
        <div
          class="MuiStack-root css-171q33r-MuiStack-root"
        >
          <a
            aria-label="Home Lab"
            href="https://jh123x.com/blog/2023/home-lab/"
            rel="noreferrer"
            style="text-decoration: none;"
            target="_blank"
          >
            <img
              alt="Home Lab"
              data-nimg="1"
              decoding="async"
              height="100"
              loading="lazy"
              src="/_next/image?url=%2Fimg.jpg&w=256&q=75"
              srcset="/_next/image?url=%2Fimg.jpg&w=128&q=75 1x, /_next/image?url=%2Fimg.jpg&w=256&q=75 2x"
              style="color: transparent;"
              width="100"
            />
            <h6
              class="MuiTypography-root MuiTypography-h6 css-14fccv3-MuiTypography-root"
            >
              Home Lab
            </h6>
            <div
              class="MuiBox-root css-1nmxpgi"
            />
          </a>
        </div>
      </div>
    </div>
    <div
      class="MuiGrid-root MuiGrid-direction-xs-row css-17fpwt7-MuiGrid-root"
    >
      <div
        class="MuiBox-root css-1hu5f36"
      >
        <div
          class="MuiStack-root css-171q33r-MuiStack-root"
        >
          <a
            aria-label="CTFs"
            href="https://jh123x.com/tags/ctf/"
            rel="noreferrer"
            style="text-decoration: none;"
            target="_blank"
          >
            <img
              alt="CTFs"
              data-nimg="1"
              decoding="async"
              height="100"
              loading="lazy"
              src="/_next/image?url=%2Fimg.jpg&w=256&q=75"
              srcset="/_next/image?url=%2Fimg.jpg&w=128&q=75 1x, /_next/image?url=%2Fimg.jpg&w=256&q=75 2x"
              style="color: transparent;"
              width="100"
            />
            <h6
              class="MuiTypography-root MuiTypography-h6 css-14fccv3-MuiTypography-root"
            >
              CTFs
            </h6>
            <div
              class="MuiBox-root css-1nmxpgi"
            />
          </a>
        </div>
      </div>
    </div>
    <div
      class="MuiGrid-root MuiGrid-direction-xs-row css-17fpwt7-MuiGrid-root"
    >
      <div
        class="MuiBox-root css-1hu5f36"
      >
        <div
          class="MuiStack-root css-171q33r-MuiStack-root"
        >
          <a
            aria-label="Tech Blog"
            href="https://jh123x.com"
            rel="noreferrer"
            style="text-decoration: none;"
            target="_blank"
          >
            <img
              alt="Tech Blog"
              data-nimg="1"
              decoding="async"
              height="100"
              loading="lazy"
              src="/_next/image?url=%2Fimg.jpg&w=256&q=75"
              srcset="/_next/image?url=%2Fimg.jpg&w=128&q=75 1x, /_next/image?url=%2Fimg.jpg&w=256&q=75 2x"
              style="color: transparent;"
              width="100"
            />
            <h6
              class="MuiTypography-root MuiTypography-h6 css-14fccv3-MuiTypography-root"
            >
              Tech Blog
            </h6>
            <div
              class="MuiBox-root css-1nmxpgi"
            />
          </a>
        </div>
      </div>
    </div>
    <div
      class="MuiGrid-root MuiGrid-direction-xs-row css-17fpwt7-MuiGrid-root"
    >
      <div
        class="MuiBox-root css-1hu5f36"
      >
        <div
          class="MuiStack-root css-171q33r-MuiStack-root"
        >
          <a
            aria-label="School Blog"
            href="https://nus.jh123x.com"
            rel="noreferrer"
            style="text-decoration: none;"
            target="_blank"
          >
            <img
              alt="School Blog"
              data-nimg="1"
              decoding="async"
              height="100"
              loading="lazy"
              src="/_next/image?url=%2Fimg.jpg&w=256&q=75"
              srcset="/_next/image?url=%2Fimg.jpg&w=128&q=75 1x, /_next/image?url=%2Fimg.jpg&w=256&q=75 2x"
              style="color: transparent;"
              width="100"
            />
            <h6
              class="MuiTypography-root MuiTypography-h6 css-14fccv3-MuiTypography-root"
            >
              School Blog
            </h6>
            <div
              class="MuiBox-root css-1nmxpgi"
            />
          </a>
        </div>
      </div>
    </div>
  </div>
</DocumentFragment>
`;
