// Jest Snapshot v1, https://goo.gl/fbAQLP

exports[`InterestCard should render correctly 1`] = `
<InterestCard
  href="https://nus.jh123x.com"
  image={
    {
      "blurDataURL": "data:image/png;base64,imagedata",
      "height": 40,
      "src": "/img.jpg",
      "width": 40,
    }
  }
  title="School Blog"
/>
`;
