// Jest Snapshot v1, https://goo.gl/fbAQLP

exports[`ProjectCard should render correctly 1`] = `
<DocumentFragment>
  <div
    class="MuiPaper-root MuiPaper-elevation MuiPaper-rounded MuiPaper-elevation1 MuiCard-root css-vgzygk-MuiPaper-root-MuiCard-root"
    style="--Paper-shadow: var(--mui-shadows-1); --Paper-overlay: var(--mui-overlays-1);"
  >
    <img
      class="MuiCardMedia-root MuiCardMedia-media MuiCardMedia-img css-mllaj1-MuiCardMedia-root"
      loading="lazy"
      src="/img.jpg"
    />
    <div
      class="MuiCardContent-root css-1lt5qva-MuiCardContent-root"
    >
      <div
        class="MuiStack-root css-11z4fno-MuiStack-root"
      >
        <div
          class="MuiStack-root css-gmwslw-MuiStack-root"
        >
          <h6
            class="MuiTypography-root MuiTypography-h6 css-1melhzp-MuiTypography-root"
          >
            Test
          </h6>
          <div
            class="MuiStack-root css-p7v9gj-MuiStack-root"
          >
            <span
              aria-label="Test GitHub"
              class=""
              data-mui-internal-clone-element="true"
            >
              <a
                aria-label="Github"
                href="https://github.com/test"
                target="_blank"
              >
                <svg
                  aria-hidden="true"
                  class="MuiSvgIcon-root MuiSvgIcon-fontSizeMedium css-2gfz6s-MuiSvgIcon-root"
                  data-testid="GitHubIcon"
                  focusable="false"
                  viewBox="0 0 24 24"
                >
                  <path
                    d="M12 1.27a11 11 0 00-3.48 21.46c.55.09.73-.28.73-.55v-1.84c-3.03.64-3.67-1.46-3.67-1.46-.55-1.29-1.28-1.65-1.28-1.65-.92-.65.1-.65.1-.65 1.1 0 1.73 1.1 1.73 1.1.92 1.65 2.57 1.2 3.21.92a2 2 0 01.64-1.47c-2.47-.27-5.04-1.19-5.04-5.5 0-1.1.46-2.1 1.2-2.84a3.76 3.76 0 010-2.93s.91-.28 3.11 1.1c1.8-.49 3.7-.49 5.5 0 2.1-1.38 3.02-1.1 3.02-1.1a3.76 3.76 0 010 2.93c.83.74 1.2 1.74 1.2 2.94 0 4.21-2.57 5.13-5.04 5.4.45.37.82.92.82 2.02v3.03c0 .27.1.64.73.55A11 11 0 0012 1.27"
                  />
                </svg>
              </a>
            </span>
          </div>
        </div>
        <p
          class="MuiTypography-root MuiTypography-body1 css-nk3wid-MuiTypography-root"
        >
          Test Description
        </p>
        <div
          class="MuiGrid-root MuiGrid-container MuiGrid-direction-xs-row MuiGrid-spacing-xs-1 css-1qx9tnw-MuiGrid-root"
        >
          <div
            class="MuiGrid-root MuiGrid-direction-xs-row css-17fpwt7-MuiGrid-root"
          >
            <div
              class="MuiChip-root MuiChip-filled MuiChip-sizeSmall MuiChip-colorDefault MuiChip-filledDefault css-abpc0k-MuiChip-root"
            >
              <span
                class="MuiChip-label MuiChip-labelSmall css-eccknh-MuiChip-label"
              >
                Stack1
              </span>
            </div>
          </div>
          <div
            class="MuiGrid-root MuiGrid-direction-xs-row css-17fpwt7-MuiGrid-root"
          >
            <div
              class="MuiChip-root MuiChip-filled MuiChip-sizeSmall MuiChip-colorDefault MuiChip-filledDefault css-abpc0k-MuiChip-root"
            >
              <span
                class="MuiChip-label MuiChip-labelSmall css-eccknh-MuiChip-label"
              >
                Stack2
              </span>
            </div>
          </div>
        </div>
      </div>
    </div>
  </div>
</DocumentFragment>
`;
