// Jest Snapshot v1, https://goo.gl/fbAQLP

exports[`ProjectCard should render correctly 1`] = `
<DocumentFragment>
  <div
    class="MuiPaper-root MuiPaper-elevation MuiPaper-rounded MuiPaper-elevation1 MuiCard-root css-1efv9mk-MuiPaper-root-MuiCard-root"
  >
    <img
      class="MuiCardMedia-root MuiCardMedia-media MuiCardMedia-img css-1n57yg-MuiCardMedia-root"
      loading="lazy"
      src="/img.jpg"
    />
    <div
      class="MuiCardContent-root css-46bh2p-MuiCardContent-root"
    >
      <div
        class="MuiStack-root css-oxmadn-MuiStack-root"
      >
        <div
          class="MuiStack-root css-gmwslw-MuiStack-root"
        >
          <h6
            class="MuiTypography-root MuiTypography-h6 css-l2pi1x-MuiTypography-root"
          >
            Test
          </h6>
          <div
            class="MuiStack-root css-niqf4j-MuiStack-root"
          >
            <span
              aria-label="GitHub Repository"
              class=""
              data-mui-internal-clone-element="true"
            >
              <a
                aria-label="Github"
                href="https://github.com/Jh123x/data-tool"
                target="_blank"
              >
                <svg
                  aria-hidden="true"
                  class="MuiSvgIcon-root MuiSvgIcon-fontSizeMedium css-ebqy1y-MuiSvgIcon-root"
                  data-testid="GitHubIcon"
                  focusable="false"
                  viewBox="0 0 24 24"
                >
                  <path
                    d="M12 1.27a11 11 0 00-3.48 21.46c.55.09.73-.28.73-.55v-1.84c-3.03.64-3.67-1.46-3.67-1.46-.55-1.29-1.28-1.65-1.28-1.65-.92-.65.1-.65.1-.65 1.1 0 1.73 1.1 1.73 1.1.92 1.65 2.57 1.2 3.21.92a2 2 0 01.64-1.47c-2.47-.27-5.04-1.19-5.04-5.5 0-1.1.46-2.1 1.2-2.84a3.76 3.76 0 010-2.93s.91-.28 3.11 1.1c1.8-.49 3.7-.49 5.5 0 2.1-1.38 3.02-1.1 3.02-1.1a3.76 3.76 0 010 2.93c.83.74 1.2 1.74 1.2 2.94 0 4.21-2.57 5.13-5.04 5.4.45.37.82.92.82 2.02v3.03c0 .27.1.64.73.55A11 11 0 0012 1.27"
                  />
                </svg>
              </a>
            </span>
            <span
              aria-label="Website"
              class=""
              data-mui-internal-clone-element="true"
            >
              <a
                aria-label="Link"
                href="https://data.jh123x.com"
                target="_blank"
              >
                <svg
                  aria-hidden="true"
                  class="MuiSvgIcon-root MuiSvgIcon-fontSizeMedium css-1ucy5bc-MuiSvgIcon-root"
                  data-testid="LinkIcon"
                  focusable="false"
                  viewBox="0 0 24 24"
                >
                  <path
                    d="M3.9 12c0-1.71 1.39-3.1 3.1-3.1h4V7H7c-2.76 0-5 2.24-5 5s2.24 5 5 5h4v-1.9H7c-1.71 0-3.1-1.39-3.1-3.1M8 13h8v-2H8zm9-6h-4v1.9h4c1.71 0 3.1 1.39 3.1 3.1s-1.39 3.1-3.1 3.1h-4V17h4c2.76 0 5-2.24 5-5s-2.24-5-5-5"
                  />
                </svg>
              </a>
            </span>
            <span
              aria-label="Blog Post"
              class=""
              data-mui-internal-clone-element="true"
            >
              <a
                aria-label="Blog"
                href="https://jh123x.com/blog/2026/building-a-data-converter/"
                target="_blank"
              >
                <svg
                  aria-hidden="true"
                  class="MuiSvgIcon-root MuiSvgIcon-fontSizeMedium css-1ucy5bc-MuiSvgIcon-root"
                  data-testid="DocumentScannerOutlinedIcon"
                  focusable="false"
                  viewBox="0 0 24 24"
                >
                  <path
                    d="M7 3H4v3H2V1h5zm15 3V1h-5v2h3v3zM7 21H4v-3H2v5h5zm13-3v3h-3v2h5v-5zM17 6H7v12h10zm2 12c0 1.1-.9 2-2 2H7c-1.1 0-2-.9-2-2V6c0-1.1.9-2 2-2h10c1.1 0 2 .9 2 2zM15 8H9v2h6zm0 3H9v2h6zm0 3H9v2h6z"
                  />
                </svg>
              </a>
            </span>
          </div>
        </div>
        <p
          class="MuiTypography-root MuiTypography-body1 css-t73383-MuiTypography-root"
        >
          Test Description
        </p>
        <div
          class="MuiGrid-root MuiGrid-container MuiGrid-spacing-xs-1 css-a5rdam-MuiGrid-root"
        >
          <div
            class="MuiGrid-root css-vj1n65-MuiGrid-root"
          >
            <div
              class="MuiChip-root MuiChip-filled MuiChip-sizeSmall MuiChip-colorDefault MuiChip-filledDefault css-niokh9-MuiChip-root"
            >
              <span
                class="MuiChip-label MuiChip-labelSmall css-wjsjww-MuiChip-label"
              >
                Stack1
              </span>
            </div>
          </div>
          <div
            class="MuiGrid-root css-vj1n65-MuiGrid-root"
          >
            <div
              class="MuiChip-root MuiChip-filled MuiChip-sizeSmall MuiChip-colorDefault MuiChip-filledDefault css-niokh9-MuiChip-root"
            >
              <span
                class="MuiChip-label MuiChip-labelSmall css-wjsjww-MuiChip-label"
              >
                Stack2
              </span>
            </div>
          </div>
        </div>
      </div>
    </div>
  </div>
</DocumentFragment>
`;
