// Jest Snapshot v1, https://goo.gl/fbAQLP

exports[`ProjectCard should render correctly 1`] = `
<DocumentFragment>
  <div
    class="MuiPaper-root MuiPaper-elevation MuiPaper-rounded MuiPaper-elevation1 MuiCard-root css-nzgrg3-MuiPaper-root-MuiCard-root"
    style="--Paper-shadow: 0px 2px 1px -1px rgba(0,0,0,0.2),0px 1px 1px 0px rgba(0,0,0,0.14),0px 1px 3px 0px rgba(0,0,0,0.12); --Paper-overlay: linear-gradient(rgba(255, 255, 255, 0.051), rgba(255, 255, 255, 0.051));"
  >
    <img
      class="MuiCardMedia-root MuiCardMedia-media MuiCardMedia-img css-mllaj1-MuiCardMedia-root"
      loading="lazy"
      src="/img.jpg"
    />
    <div
      class="MuiCardContent-root css-1lt5qva-MuiCardContent-root"
    >
      <div
        class="MuiStack-root css-oxmadn-MuiStack-root"
      >
        <div
          class="MuiStack-root css-gmwslw-MuiStack-root"
        >
          <h6
            class="MuiTypography-root MuiTypography-h6 css-vuvok4-MuiTypography-root"
          >
            Test
          </h6>
          <div
            class="MuiStack-root css-niqf4j-MuiStack-root"
          />
        </div>
        <p
          class="MuiTypography-root MuiTypography-body1 css-1965tq6-MuiTypography-root"
        >
          Test Description
        </p>
        <div
          class="MuiGrid-root MuiGrid-container MuiGrid-direction-xs-row MuiGrid-spacing-xs-1 css-1yvsbrk-MuiGrid-root"
        >
          <div
            class="MuiGrid-root MuiGrid-direction-xs-row css-17fpwt7-MuiGrid-root"
          >
            <div
              class="MuiChip-root MuiChip-filled MuiChip-sizeSmall MuiChip-colorDefault MuiChip-filledDefault css-ehbftw-MuiChip-root"
            >
              <span
                class="MuiChip-label MuiChip-labelSmall css-eccknh-MuiChip-label"
              >
                Stack1
              </span>
            </div>
          </div>
          <div
            class="MuiGrid-root MuiGrid-direction-xs-row css-17fpwt7-MuiGrid-root"
          >
            <div
              class="MuiChip-root MuiChip-filled MuiChip-sizeSmall MuiChip-colorDefault MuiChip-filledDefault css-ehbftw-MuiChip-root"
            >
              <span
                class="MuiChip-label MuiChip-labelSmall css-eccknh-MuiChip-label"
              >
                Stack2
              </span>
            </div>
          </div>
        </div>
      </div>
    </div>
  </div>
</DocumentFragment>
`;
